// Vitest Snapshot v1, https://vitest.dev/guide/snapshot.html

exports[`PlayersList — snapshot > matches snapshot with the default mocked player list 1`] = `
<div
  class="wrapper"
>
  <div
    class="toolbar"
  >
    <span
      class="count"
    >
      2
       / 
      4
       selected
    </span>
    <div
      class="toolbarActions"
    >
      <button
        class="toolbarButton"
        type="button"
      >
        Select all
      </button>
      <button
        class="toolbarButton"
        type="button"
      >
        Clear all
      </button>
    </div>
  </div>
  <ul
    class="list"
  >
    <li
      class="cardWrapper"
    >
      <button
        aria-pressed="false"
        class="card"
        type="button"
      >
        <img
          alt=""
          class="avatar"
          decoding="async"
          loading="lazy"
          src="http://localhost:5050/players/Daniel/photo?v=0"
        />
        <span
          class="name"
        >
          Daniel
        </span>
      </button>
      <button
        aria-label="Edit Daniel"
        class="editBtn"
        title="Edit Daniel"
        type="button"
      >
        ✎
      </button>
    </li>
    <li
      class="cardWrapper"
    >
      <button
        aria-pressed="false"
        class="card"
        type="button"
      >
        <img
          alt=""
          class="avatar"
          decoding="async"
          loading="lazy"
          src="http://localhost:5050/players/Frank/photo?v=0"
        />
        <span
          class="name"
        >
          Frank
        </span>
      </button>
      <button
        aria-label="Edit Frank"
        class="editBtn"
        title="Edit Frank"
        type="button"
      >
        ✎
      </button>
    </li>
    <li
      class="cardWrapper"
    >
      <button
        aria-pressed="true"
        class="card selected"
        type="button"
      >
        <img
          alt=""
          class="avatar"
          decoding="async"
          loading="lazy"
          src="http://localhost:5050/players/Joan/photo?v=0"
        />
        <span
          class="name"
        >
          Joan
        </span>
        <span
          aria-label="selected"
          class="check"
        >
          ✓
        </span>
      </button>
      <button
        aria-label="Edit Joan"
        class="editBtn"
        title="Edit Joan"
        type="button"
      >
        ✎
      </button>
    </li>
    <li
      class="cardWrapper"
    >
      <button
        aria-pressed="true"
        class="card selected"
        type="button"
      >
        <img
          alt=""
          class="avatar"
          decoding="async"
          loading="lazy"
          src="http://localhost:5050/players/Lars/photo?v=0"
        />
        <span
          class="name"
        >
          Lars
        </span>
        <span
          aria-label="selected"
          class="check"
        >
          ✓
        </span>
      </button>
      <button
        aria-label="Edit Lars"
        class="editBtn"
        title="Edit Lars"
        type="button"
      >
        ✎
      </button>
    </li>
  </ul>
  <button
    aria-label="Add player"
    class="fab"
    title="Add player"
    type="button"
  >
    +
  </button>
  <dialog
    aria-labelledby="_r_o_"
    class="dialog"
  >
    <div
      class="content"
    >
      <header
        class="header"
      >
        <h2
          class="title"
          id="_r_o_"
        >
          Add player
        </h2>
        <button
          aria-label="Close"
          class="close"
          type="button"
        >
          ×
        </button>
      </header>
      <div
        class="body"
      >
        <form
          class="form"
          novalidate=""
        >
          <input
            aria-invalid="false"
            class="input"
            name="name"
            placeholder="Player name"
            type="text"
          />
          <button
            class="submit"
            type="submit"
          >
            Add
          </button>
          <button
            class="cancel"
            type="button"
          >
            Cancel
          </button>
        </form>
      </div>
    </div>
  </dialog>
  <dialog
    aria-labelledby="_r_p_"
    class="dialog"
  >
    <div
      class="content"
    >
      <header
        class="header"
      >
        <h2
          class="title"
          id="_r_p_"
        >
          Edit player
        </h2>
        <button
          aria-label="Close"
          class="close"
          type="button"
        >
          ×
        </button>
      </header>
      <div
        class="body"
      />
    </div>
  </dialog>
</div>
`;
