// Vitest Snapshot v1, https://vitest.dev/guide/snapshot.html

exports[`SelectedFacepile — snapshot > matches snapshot with two selected players 1`] = `
<a
  aria-label="2 players ready"
  class="link"
  href="/players"
  title="2 players ready"
>
  <span
    aria-hidden="true"
    class="facepile"
  >
    <img
      alt=""
      class="face"
      decoding="async"
      loading="lazy"
      src="http://localhost:5050/players/Lars/photo?v=0"
    />
    <img
      alt=""
      class="face"
      decoding="async"
      loading="lazy"
      src="http://localhost:5050/players/Joan/photo?v=0"
    />
  </span>
  <span
    class="count "
  >
    2
     ready
  </span>
</a>
`;
